=== API refresh + S3: 2026-04-22 23:00:22 UTC ===
PROJECT_DIR=/home/ubuntu/tide-data-pipeline/tide-api
API_BASE=http://127.0.0.1:8000
DEST=s3://parquetgarage/tide-api/api-refresh-20260422T230022Z
GET http://127.0.0.1:8000/v1/data/refresh_model ...
=== API refresh + S3: 2026-04-22 23:02:42 UTC ===
PROJECT_DIR=/home/ubuntu/tide-data-pipeline/tide-api
API_BASE=http://127.0.0.1:8000
DEST=s3://parquetgarage/tide-api/api-refresh-20260422T230242Z
GET http://127.0.0.1:8000/v1/data/refresh_model ...
=== API refresh + S3: 2026-04-24 01:17:30 UTC ===
PROJECT_DIR=/home/ubuntu/tide-data-pipeline/tide-api
API_BASE=http://127.0.0.1:8000
DEST=s3://parquetgarage/tide-api/api-refresh-20260424T011730Z
OK: http://127.0.0.1:8000/health
POST http://127.0.0.1:8000/v1/data/refresh_weekly -> HTTP 202
{"job_id":"ad1de890-b60a-4805-b118-36c8abe8ce16","name":"refresh_weekly","status":"pending","status_url":"/v1/jobs/ad1de890-b60a-4805-b118-36c8abe8ce16"}
{"id":"ad1de890-b60a-4805-b118-36c8abe8ce16","name":"refresh_weekly","status":"running","created_at":"2026-04-24T01:17:30+00:00","started_at":"2026-04-24T01:17:30+00:00","finished_at":null,"error":null,"result":null,"last_log":"Step: refresh_parquets:start","step":"refresh_parquets:start","steps":[{"step":"refresh_parquets:start","at":"2026-04-24T01:17:30+00:00","elapsed_prev_sec":null}]}
Job ad1de890-b60a-4805-b118-36c8abe8ce16 status=running (0s elapsed); sleeping 30s...
{"id":"ad1de890-b60a-4805-b118-36c8abe8ce16","name":"refresh_weekly","status":"running","created_at":"2026-04-24T01:17:30+00:00","started_at":"2026-04-24T01:17:30+00:00","finished_at":null,"error":null,"result":null,"last_log":"Step: refresh_parquets:ae_query","step":"refresh_parquets:ae_query","steps":[{"step":"refresh_parquets:start","at":"2026-04-24T01:17:30+00:00","elapsed_prev_sec":null},{"step":"refresh_parquets:ae_query","at":"2026-04-24T01:17:32+00:00","elapsed_prev_sec":1.55}]}
Job ad1de890-b60a-4805-b118-36c8abe8ce16 status=running (30s elapsed); sleeping 30s...
{"id":"ad1de890-b60a-4805-b118-36c8abe8ce16","name":"refresh_weekly","status":"running","created_at":"2026-04-24T01:17:30+00:00","started_at":"2026-04-24T01:17:30+00:00","finished_at":null,"error":null,"result":null,"last_log":"Step: refresh_parquets:ae_query","step":"refresh_parquets:ae_query","steps":[{"step":"refresh_parquets:start","at":"2026-04-24T01:17:30+00:00","elapsed_prev_sec":null},{"step":"refresh_parquets:ae_query","at":"2026-04-24T01:17:32+00:00","elapsed_prev_sec":1.55}]}
Job ad1de890-b60a-4805-b118-36c8abe8ce16 status=running (60s elapsed); sleeping 30s...
{"id":"ad1de890-b60a-4805-b118-36c8abe8ce16","name":"refresh_weekly","status":"running","created_at":"2026-04-24T01:17:30+00:00","started_at":"2026-04-24T01:17:30+00:00","finished_at":null,"error":null,"result":null,"last_log":"Step: refresh_parquets:ae_query","step":"refresh_parquets:ae_query","steps":[{"step":"refresh_parquets:start","at":"2026-04-24T01:17:30+00:00","elapsed_prev_sec":null},{"step":"refresh_parquets:ae_query","at":"2026-04-24T01:17:32+00:00","elapsed_prev_sec":1.55}]}
Job ad1de890-b60a-4805-b118-36c8abe8ce16 status=running (90s elapsed); sleeping 30s...
{"id":"ad1de890-b60a-4805-b118-36c8abe8ce16","name":"refresh_weekly","status":"running","created_at":"2026-04-24T01:17:30+00:00","started_at":"2026-04-24T01:17:30+00:00","finished_at":null,"error":null,"result":null,"last_log":"Step: refresh_parquets:ae_query","step":"refresh_parquets:ae_query","steps":[{"step":"refresh_parquets:start","at":"2026-04-24T01:17:30+00:00","elapsed_prev_sec":null},{"step":"refresh_parquets:ae_query","at":"2026-04-24T01:17:32+00:00","elapsed_prev_sec":1.55}]}
Job ad1de890-b60a-4805-b118-36c8abe8ce16 status=running (120s elapsed); sleeping 30s...
{"id":"ad1de890-b60a-4805-b118-36c8abe8ce16","name":"refresh_weekly","status":"running","created_at":"2026-04-24T01:17:30+00:00","started_at":"2026-04-24T01:17:30+00:00","finished_at":null,"error":null,"result":null,"last_log":"Step: refresh_parquets:ae_query","step":"refresh_parquets:ae_query","steps":[{"step":"refresh_parquets:start","at":"2026-04-24T01:17:30+00:00","elapsed_prev_sec":null},{"step":"refresh_parquets:ae_query","at":"2026-04-24T01:17:32+00:00","elapsed_prev_sec":1.55}]}
Job ad1de890-b60a-4805-b118-36c8abe8ce16 status=running (150s elapsed); sleeping 30s...
{"id":"ad1de890-b60a-4805-b118-36c8abe8ce16","name":"refresh_weekly","status":"running","created_at":"2026-04-24T01:17:30+00:00","started_at":"2026-04-24T01:17:30+00:00","finished_at":null,"error":null,"result":null,"last_log":"Step: refresh_parquets:ae_query","step":"refresh_parquets:ae_query","steps":[{"step":"refresh_parquets:start","at":"2026-04-24T01:17:30+00:00","elapsed_prev_sec":null},{"step":"refresh_parquets:ae_query","at":"2026-04-24T01:17:32+00:00","elapsed_prev_sec":1.55}]}
Job ad1de890-b60a-4805-b118-36c8abe8ce16 status=running (180s elapsed); sleeping 30s...
{"id":"ad1de890-b60a-4805-b118-36c8abe8ce16","name":"refresh_weekly","status":"running","created_at":"2026-04-24T01:17:30+00:00","started_at":"2026-04-24T01:17:30+00:00","finished_at":null,"error":null,"result":null,"last_log":"Step: refresh_parquets:ae_query","step":"refresh_parquets:ae_query","steps":[{"step":"refresh_parquets:start","at":"2026-04-24T01:17:30+00:00","elapsed_prev_sec":null},{"step":"refresh_parquets:ae_query","at":"2026-04-24T01:17:32+00:00","elapsed_prev_sec":1.55}]}
Job ad1de890-b60a-4805-b118-36c8abe8ce16 status=running (210s elapsed); sleeping 30s...
{"id":"ad1de890-b60a-4805-b118-36c8abe8ce16","name":"refresh_weekly","status":"running","created_at":"2026-04-24T01:17:30+00:00","started_at":"2026-04-24T01:17:30+00:00","finished_at":null,"error":null,"result":null,"last_log":"Step: refresh_parquets:ae_query","step":"refresh_parquets:ae_query","steps":[{"step":"refresh_parquets:start","at":"2026-04-24T01:17:30+00:00","elapsed_prev_sec":null},{"step":"refresh_parquets:ae_query","at":"2026-04-24T01:17:32+00:00","elapsed_prev_sec":1.55}]}
Job ad1de890-b60a-4805-b118-36c8abe8ce16 status=running (240s elapsed); sleeping 30s...
{"id":"ad1de890-b60a-4805-b118-36c8abe8ce16","name":"refresh_weekly","status":"running","created_at":"2026-04-24T01:17:30+00:00","started_at":"2026-04-24T01:17:30+00:00","finished_at":null,"error":null,"result":null,"last_log":"Step: refresh_parquets:ae_query","step":"refresh_parquets:ae_query","steps":[{"step":"refresh_parquets:start","at":"2026-04-24T01:17:30+00:00","elapsed_prev_sec":null},{"step":"refresh_parquets:ae_query","at":"2026-04-24T01:17:32+00:00","elapsed_prev_sec":1.55}]}
Job ad1de890-b60a-4805-b118-36c8abe8ce16 status=running (270s elapsed); sleeping 30s...
{"id":"ad1de890-b60a-4805-b118-36c8abe8ce16","name":"refresh_weekly","status":"running","created_at":"2026-04-24T01:17:30+00:00","started_at":"2026-04-24T01:17:30+00:00","finished_at":null,"error":null,"result":null,"last_log":"Step: refresh_parquets:ae_query","step":"refresh_parquets:ae_query","steps":[{"step":"refresh_parquets:start","at":"2026-04-24T01:17:30+00:00","elapsed_prev_sec":null},{"step":"refresh_parquets:ae_query","at":"2026-04-24T01:17:32+00:00","elapsed_prev_sec":1.55}]}
Job ad1de890-b60a-4805-b118-36c8abe8ce16 status=running (300s elapsed); sleeping 30s...
{"id":"ad1de890-b60a-4805-b118-36c8abe8ce16","name":"refresh_weekly","status":"running","created_at":"2026-04-24T01:17:30+00:00","started_at":"2026-04-24T01:17:30+00:00","finished_at":null,"error":null,"result":null,"last_log":"Step: refresh_parquets:ae_query","step":"refresh_parquets:ae_query","steps":[{"step":"refresh_parquets:start","at":"2026-04-24T01:17:30+00:00","elapsed_prev_sec":null},{"step":"refresh_parquets:ae_query","at":"2026-04-24T01:17:32+00:00","elapsed_prev_sec":1.55}]}
Job ad1de890-b60a-4805-b118-36c8abe8ce16 status=running (330s elapsed); sleeping 30s...
{"id":"ad1de890-b60a-4805-b118-36c8abe8ce16","name":"refresh_weekly","status":"running","created_at":"2026-04-24T01:17:30+00:00","started_at":"2026-04-24T01:17:30+00:00","finished_at":null,"error":null,"result":null,"last_log":"Step: refresh_parquets:ae_query","step":"refresh_parquets:ae_query","steps":[{"step":"refresh_parquets:start","at":"2026-04-24T01:17:30+00:00","elapsed_prev_sec":null},{"step":"refresh_parquets:ae_query","at":"2026-04-24T01:17:32+00:00","elapsed_prev_sec":1.55}]}
Job ad1de890-b60a-4805-b118-36c8abe8ce16 status=running (360s elapsed); sleeping 30s...
{"id":"ad1de890-b60a-4805-b118-36c8abe8ce16","name":"refresh_weekly","status":"running","created_at":"2026-04-24T01:17:30+00:00","started_at":"2026-04-24T01:17:30+00:00","finished_at":null,"error":null,"result":null,"last_log":"Step: refresh_parquets:ae_query","step":"refresh_parquets:ae_query","steps":[{"step":"refresh_parquets:start","at":"2026-04-24T01:17:30+00:00","elapsed_prev_sec":null},{"step":"refresh_parquets:ae_query","at":"2026-04-24T01:17:32+00:00","elapsed_prev_sec":1.55}]}
Job ad1de890-b60a-4805-b118-36c8abe8ce16 status=running (391s elapsed); sleeping 30s...
{"id":"ad1de890-b60a-4805-b118-36c8abe8ce16","name":"refresh_weekly","status":"running","created_at":"2026-04-24T01:17:30+00:00","started_at":"2026-04-24T01:17:30+00:00","finished_at":null,"error":null,"result":null,"last_log":"Step: refresh_parquets:ae_query","step":"refresh_parquets:ae_query","steps":[{"step":"refresh_parquets:start","at":"2026-04-24T01:17:30+00:00","elapsed_prev_sec":null},{"step":"refresh_parquets:ae_query","at":"2026-04-24T01:17:32+00:00","elapsed_prev_sec":1.55}]}
Job ad1de890-b60a-4805-b118-36c8abe8ce16 status=running (421s elapsed); sleeping 30s...
{"id":"ad1de890-b60a-4805-b118-36c8abe8ce16","name":"refresh_weekly","status":"running","created_at":"2026-04-24T01:17:30+00:00","started_at":"2026-04-24T01:17:30+00:00","finished_at":null,"error":null,"result":null,"last_log":"Step: refresh_parquets:ae_query","step":"refresh_parquets:ae_query","steps":[{"step":"refresh_parquets:start","at":"2026-04-24T01:17:30+00:00","elapsed_prev_sec":null},{"step":"refresh_parquets:ae_query","at":"2026-04-24T01:17:32+00:00","elapsed_prev_sec":1.55}]}
Job ad1de890-b60a-4805-b118-36c8abe8ce16 status=running (451s elapsed); sleeping 30s...
=== refresh_data + S3 (stable prefix): 2026-04-24 01:30:00 UTC ===
PROJECT_DIR=/home/ubuntu/tide-data-pipeline/tide-api
DEST=s3://parquetgarage (same path every run; no dated subfolder)
Checking AWS credentials...
=== refresh_data + S3 (stable prefix): 2026-04-24 01:34:52 UTC ===
PROJECT_DIR=/home/ubuntu/tide-data-pipeline/tide-api
DEST=s3://parquetgarage (same path every run; no dated subfolder)
Checking AWS credentials...
=== refresh_data + S3 (stable prefix): 2026-04-24 01:37:32 UTC ===
PROJECT_DIR=/home/ubuntu/tide-data-pipeline/tide-api
DEST=s3://parquetgarage (same path every run; no dated subfolder)
Checking AWS credentials...
{
    "UserId": "AROAS36UFH2G3YNJF7BLT:i-01d7461e7bf34c067",
    "Account": "197476564621",
    "Arn": "arn:aws:sts::197476564621:assumed-role/EC2-S3-Worker-Role/i-01d7461e7bf34c067"
}
WARNING: venv not found at /home/ubuntu/tide-data-pipeline/tide-api/venv; using python3 on PATH
Pulling s3://parquetgarage/model/data → local (canonical CSVs / parquets for max-date incremental)...
Running train_model.refresh_data()...
Importing plotly failed. Interactive plots will not work.
INFO alist_75k.csv not found; cold start from 2018-01-01
INFO train_model.py: Refreshing CSV directory (min_week_end_date=2018-01-01)
INFO Snowflake Connector for Python Version: 4.4.0, Python Version: 3.12.3, Platform: Linux-6.17.0-1007-aws-x86_64-with-glibc2.39
INFO Connecting to GLOBAL Snowflake domain
INFO Found credentials from IAM Role: EC2-S3-Worker-Role
INFO train_model.py: Current_Data.csv +240 rows (0.7s)
=== refresh_data + S3 (stable prefix): 2026-04-24 01:41:18 UTC ===
PROJECT_DIR=/home/ubuntu/tide-data-pipeline/tide-api
DEST=s3://parquetgarage (same path every run; no dated subfolder)
Checking AWS credentials...
{
    "UserId": "AROAS36UFH2G3YNJF7BLT:i-01d7461e7bf34c067",
    "Account": "197476564621",
    "Arn": "arn:aws:sts::197476564621:assumed-role/EC2-S3-Worker-Role/i-01d7461e7bf34c067"
}
WARNING: venv not found at /home/ubuntu/tide-data-pipeline/tide-api/venv; using python3 on PATH
Pulling s3://parquetgarage/model/data → local (canonical CSVs / parquets for max-date incremental)...
Running train_model.refresh_data()...
Importing plotly failed. Interactive plots will not work.
INFO train_model.py: Refreshing CSV directory (min_week_end_date=2026-03-12)
INFO Snowflake Connector for Python Version: 4.4.0, Python Version: 3.12.3, Platform: Linux-6.17.0-1007-aws-x86_64-with-glibc2.39
INFO Connecting to GLOBAL Snowflake domain
INFO Found credentials from IAM Role: EC2-S3-Worker-Role
INFO train_model.py: Current_Data.csv +0 rows (0.2s)
INFO train_model.py: alist_75k.csv +5 rows (14.4s)
INFO train_model.py: bigreleaseflag_75k.csv +0 rows (3.6s)
INFO build_wk_minus: dropped 88 weeks before alist_75k coverage (2024-11-07)
INFO Chain [1] start processing
INFO Chain [1] done processing
INFO Chain [1] start processing
INFO Chain [1] done processing
INFO Conformal 80th percentile E: 1.6047 (used as E_score for YTD bands)
INFO Chain [1] start processing
INFO Chain [1] done processing
INFO Chain [1] start processing
INFO Chain [1] done processing
INFO Wrote artifacts to /home/ubuntu/tide-data-pipeline/tide-api/model/artifacts_75k
WARNING Skipping AE-panel archetype decay — parquet not found: /home/ubuntu/tide-data-pipeline/tide-api/model/data/streams_product_songs_ae_compressed.parquet
INFO Skipping worldwide_streams archetype training — parquet not found: /home/ubuntu/tide-data-pipeline/tide-api/model/data/worldwide_streams_compressed.parquet (not streaming_equivalent; place worldwide_streams_compressed.parquet under /home/ubuntu/tide-data-pipeline/tide-api/model/data or set TIDE_WORLDWIDE_STREAMS_PARQUET)
[LightGBM] [Info] Auto-choosing col-wise multi-threading, the overhead of testing was 0.000025 seconds.
You can set `force_col_wise=true` to remove the overhead.
[LightGBM] [Info] Total Bins 199
[LightGBM] [Info] Number of data points in the train set: 144, number of used features: 5
[LightGBM] [Info] Start training from score 7.476892
[LightGBM] [Warning] No further splits with positive gain, best gain: -inf
[LightGBM] [Warning] No further splits with positive gain, best gain: -inf
[LightGBM] [Warning] No further splits with positive gain, best gain: -inf
[LightGBM] [Warning] No further splits with positive gain, best gain: -inf
[LightGBM] [Warning] No further splits with positive gain, best gain: -inf
[LightGBM] [Warning] No further splits with positive gain, best gain: -inf
[LightGBM] [Warning] No further splits with positive gain, best gain: -inf
[LightGBM] [Warning] No further splits with positive gain, best gain: -inf
[LightGBM] [Warning] No further splits with positive gain, best gain: -inf
[LightGBM] [Warning] No further splits with positive gain, best gain: -inf
[LightGBM] [Warning] No further splits with positive gain, best gain: -inf
[LightGBM] [Warning] No further splits with positive gain, best gain: -inf
[LightGBM] [Warning] No further splits with positive gain, best gain: -inf
[LightGBM] [Warning] No further splits with positive gain, best gain: -inf
[LightGBM] [Warning] No further splits with positive gain, best gain: -inf
[LightGBM] [Warning] No further splits with positive gain, best gain: -inf
[LightGBM] [Warning] No further splits with positive gain, best gain: -inf
[LightGBM] [Warning] No further splits with positive gain, best gain: -inf
[LightGBM] [Warning] No further splits with positive gain, best gain: -inf
[LightGBM] [Warning] No further splits with positive gain, best gain: -inf
[LightGBM] [Warning] No further splits with positive gain, best gain: -inf
[LightGBM] [Warning] No further splits with positive gain, best gain: -inf
[LightGBM] [Warning] No further splits with positive gain, best gain: -inf
[LightGBM] [Warning] No further splits with positive gain, best gain: -inf
[LightGBM] [Warning] No further splits with positive gain, best gain: -inf
[LightGBM] [Warning] No further splits with positive gain, best gain: -inf
[LightGBM] [Warning] No further splits with positive gain, best gain: -inf
[LightGBM] [Warning] No further splits with positive gain, best gain: -inf
[LightGBM] [Warning] No further splits with positive gain, best gain: -inf
[LightGBM] [Warning] No further splits with positive gain, best gain: -inf
[LightGBM] [Warning] No further splits with positive gain, best gain: -inf
[LightGBM] [Warning] No further splits with positive gain, best gain: -inf
[LightGBM] [Warning] No further splits with positive gain, best gain: -inf
[LightGBM] [Warning] No further splits with positive gain, best gain: -inf
[LightGBM] [Warning] No further splits with positive gain, best gain: -inf
[LightGBM] [Warning] No further splits with positive gain, best gain: -inf
[LightGBM] [Warning] No further splits with positive gain, best gain: -inf
[LightGBM] [Warning] No further splits with positive gain, best gain: -inf
[LightGBM] [Warning] No further splits with positive gain, best gain: -inf
[LightGBM] [Warning] No further splits with positive gain, best gain: -inf
[LightGBM] [Warning] No further splits with positive gain, best gain: -inf
[LightGBM] [Warning] No further splits with positive gain, best gain: -inf
[LightGBM] [Warning] No further splits with positive gain, best gain: -inf
[LightGBM] [Warning] No further splits with positive gain, best gain: -inf
[LightGBM] [Warning] No further splits with positive gain, best gain: -inf
[LightGBM] [Warning] No further splits with positive gain, best gain: -inf
[LightGBM] [Warning] No further splits with positive gain, best gain: -inf
[LightGBM] [Warning] No further splits with positive gain, best gain: -inf
[LightGBM] [Warning] No further splits with positive gain, best gain: -inf
[LightGBM] [Warning] No further splits with positive gain, best gain: -inf
[LightGBM] [Warning] No further splits with positive gain, best gain: -inf
[LightGBM] [Warning] No further splits with positive gain, best gain: -inf
[LightGBM] [Warning] No further splits with positive gain, best gain: -inf
[LightGBM] [Warning] No further splits with positive gain, best gain: -inf
[LightGBM] [Warning] No further splits with positive gain, best gain: -inf
[LightGBM] [Warning] No further splits with positive gain, best gain: -inf
[LightGBM] [Warning] No further splits with positive gain, best gain: -inf
[LightGBM] [Warning] No further splits with positive gain, best gain: -inf
[LightGBM] [Warning] No further splits with positive gain, best gain: -inf
[LightGBM] [Warning] No further splits with positive gain, best gain: -inf
[LightGBM] [Warning] No further splits with positive gain, best gain: -inf
[LightGBM] [Warning] No further splits with positive gain, best gain: -inf
[LightGBM] [Warning] No further splits with positive gain, best gain: -inf
[LightGBM] [Warning] No further splits with positive gain, best gain: -inf
[LightGBM] [Warning] No further splits with positive gain, best gain: -inf
[LightGBM] [Warning] No further splits with positive gain, best gain: -inf
[LightGBM] [Warning] No further splits with positive gain, best gain: -inf
[LightGBM] [Warning] No further splits with positive gain, best gain: -inf
[LightGBM] [Warning] No further splits with positive gain, best gain: -inf
[LightGBM] [Warning] No further splits with positive gain, best gain: -inf
[LightGBM] [Warning] No further splits with positive gain, best gain: -inf
[LightGBM] [Warning] No further splits with positive gain, best gain: -inf
[LightGBM] [Warning] No further splits with positive gain, best gain: -inf
[LightGBM] [Warning] No further splits with positive gain, best gain: -inf
[LightGBM] [Warning] No further splits with positive gain, best gain: -inf
[LightGBM] [Warning] No further splits with positive gain, best gain: -inf
[LightGBM] [Warning] No further splits with positive gain, best gain: -inf
[LightGBM] [Warning] No further splits with positive gain, best gain: -inf
[LightGBM] [Warning] No further splits with positive gain, best gain: -inf
[LightGBM] [Warning] No further splits with positive gain, best gain: -inf
[LightGBM] [Warning] No further splits with positive gain, best gain: -inf
[LightGBM] [Warning] No further splits with positive gain, best gain: -inf
[LightGBM] [Warning] No further splits with positive gain, best gain: -inf
[LightGBM] [Warning] No further splits with positive gain, best gain: -inf
[LightGBM] [Warning] No further splits with positive gain, best gain: -inf
[LightGBM] [Warning] No further splits with positive gain, best gain: -inf
[LightGBM] [Warning] No further splits with positive gain, best gain: -inf
[LightGBM] [Warning] No further splits with positive gain, best gain: -inf
[LightGBM] [Warning] No further splits with positive gain, best gain: -inf
[LightGBM] [Warning] No further splits with positive gain, best gain: -inf
[LightGBM] [Warning] No further splits with positive gain, best gain: -inf
[LightGBM] [Warning] No further splits with positive gain, best gain: -inf
[LightGBM] [Warning] No further splits with positive gain, best gain: -inf
[LightGBM] [Warning] No further splits with positive gain, best gain: -inf
[LightGBM] [Warning] No further splits with positive gain, best gain: -inf
[LightGBM] [Warning] No further splits with positive gain, best gain: -inf
[LightGBM] [Warning] No further splits with positive gain, best gain: -inf
[LightGBM] [Warning] No further splits with positive gain, best gain: -inf
[LightGBM] [Warning] No further splits with positive gain, best gain: -inf
[LightGBM] [Warning] No further splits with positive gain, best gain: -inf
Syncing to S3 (in-place under s3://parquetgarage)...
Done. Canonical prefix: s3://parquetgarage
=== Finished: 2026-04-24 01:41:44 UTC ===
=== refresh_data + S3 (stable prefix): 2026-04-24 01:46:48 UTC ===
PROJECT_DIR=/home/ubuntu/tide-data-pipeline/tide-api
DEST=s3://parquetgarage (same path every run; no dated subfolder)
Checking AWS credentials...
{
    "UserId": "AROAS36UFH2G3YNJF7BLT:i-01d7461e7bf34c067",
    "Account": "197476564621",
    "Arn": "arn:aws:sts::197476564621:assumed-role/EC2-S3-Worker-Role/i-01d7461e7bf34c067"
}
WARNING: venv not found at /home/ubuntu/tide-data-pipeline/tide-api/venv; using python3 on PATH
Pulling s3://parquetgarage/model/data → local (canonical CSVs / parquets for max-date incremental)...
Running train_model.refresh_data()...
Importing plotly failed. Interactive plots will not work.
INFO train_model.py: Refreshing CSV directory (min_week_end_date=2026-04-16)
INFO Snowflake Connector for Python Version: 4.4.0, Python Version: 3.12.3, Platform: Linux-6.17.0-1007-aws-x86_64-with-glibc2.39
INFO Connecting to GLOBAL Snowflake domain
INFO Found credentials from IAM Role: EC2-S3-Worker-Role
INFO train_model.py: Current_Data.csv +0 rows (0.2s)
INFO train_model.py: alist_75k.csv +0 rows (2.9s)
INFO train_model.py: bigreleaseflag_75k.csv +0 rows (3.7s)
INFO build_wk_minus: dropped 88 weeks before alist_75k coverage (2024-11-07)
INFO Chain [1] start processing
INFO Chain [1] done processing
INFO Chain [1] start processing
INFO Chain [1] done processing
INFO Conformal 80th percentile E: 1.6047 (used as E_score for YTD bands)
INFO Chain [1] start processing
INFO Chain [1] done processing
INFO Chain [1] start processing
INFO Chain [1] done processing
INFO Wrote artifacts to /home/ubuntu/tide-data-pipeline/tide-api/model/artifacts_75k
INFO Archetype decay (AE panel streams_product_songs_ae_compressed.parquet): metric=streaming_equivalent → /home/ubuntu/tide-data-pipeline/tide-api/model/archetypes_artifacts/streams
Traceback (most recent call last):
  File "/home/ubuntu/venv/lib/python3.12/site-packages/pandas/compat/_optional.py", line 158, in import_optional_dependency
    module = importlib.import_module(name)
             ^^^^^^^^^^^^^^^^^^^^^^^^^^^^^
  File "/usr/lib/python3.12/importlib/__init__.py", line 90, in import_module
    return _bootstrap._gcd_import(name[level:], package, level)
           ^^^^^^^^^^^^^^^^^^^^^^^^^^^^^^^^^^^^^^^^^^^^^^^^^^^^
  File "<frozen importlib._bootstrap>", line 1387, in _gcd_import
  File "<frozen importlib._bootstrap>", line 1360, in _find_and_load
  File "<frozen importlib._bootstrap>", line 1324, in _find_and_load_unlocked
ModuleNotFoundError: No module named 'fastparquet'

The above exception was the direct cause of the following exception:

Traceback (most recent call last):
  File "<string>", line 1, in <module>
  File "/home/ubuntu/tide-data-pipeline/tide-api/train_model.py", line 69, in refresh_data
    train_model()
  File "/home/ubuntu/tide-data-pipeline/tide-api/model/train_marketshare_artifacts.py", line 739, in train_artifacts_main
    train_archetype_model(archetype_args)
  File "/home/ubuntu/tide-data-pipeline/tide-api/model/all_data_archetypes_simulator_ae.py", line 1606, in train
    df = pd.read_parquet(args.parquet_path, engine="fastparquet")
         ^^^^^^^^^^^^^^^^^^^^^^^^^^^^^^^^^^^^^^^^^^^^^^^^^^^^^^^^
  File "/home/ubuntu/venv/lib/python3.12/site-packages/pandas/io/parquet.py", line 668, in read_parquet
    impl = get_engine(engine)
           ^^^^^^^^^^^^^^^^^^
  File "/home/ubuntu/venv/lib/python3.12/site-packages/pandas/io/parquet.py", line 81, in get_engine
    return FastParquetImpl()
           ^^^^^^^^^^^^^^^^^
  File "/home/ubuntu/venv/lib/python3.12/site-packages/pandas/io/parquet.py", line 293, in __init__
    fastparquet = import_optional_dependency(
                  ^^^^^^^^^^^^^^^^^^^^^^^^^^^
  File "/home/ubuntu/venv/lib/python3.12/site-packages/pandas/compat/_optional.py", line 161, in import_optional_dependency
    raise ImportError(msg) from err
ImportError: `Import fastparquet` failed. fastparquet is required for parquet support. Use pip or conda to install the fastparquet package.
[LightGBM] [Info] Auto-choosing col-wise multi-threading, the overhead of testing was 0.000026 seconds.
You can set `force_col_wise=true` to remove the overhead.
[LightGBM] [Info] Total Bins 199
[LightGBM] [Info] Number of data points in the train set: 144, number of used features: 5
[LightGBM] [Info] Start training from score 7.476892
[LightGBM] [Warning] No further splits with positive gain, best gain: -inf
[LightGBM] [Warning] No further splits with positive gain, best gain: -inf
[LightGBM] [Warning] No further splits with positive gain, best gain: -inf
[LightGBM] [Warning] No further splits with positive gain, best gain: -inf
[LightGBM] [Warning] No further splits with positive gain, best gain: -inf
[LightGBM] [Warning] No further splits with positive gain, best gain: -inf
[LightGBM] [Warning] No further splits with positive gain, best gain: -inf
[LightGBM] [Warning] No further splits with positive gain, best gain: -inf
[LightGBM] [Warning] No further splits with positive gain, best gain: -inf
[LightGBM] [Warning] No further splits with positive gain, best gain: -inf
[LightGBM] [Warning] No further splits with positive gain, best gain: -inf
[LightGBM] [Warning] No further splits with positive gain, best gain: -inf
[LightGBM] [Warning] No further splits with positive gain, best gain: -inf
[LightGBM] [Warning] No further splits with positive gain, best gain: -inf
[LightGBM] [Warning] No further splits with positive gain, best gain: -inf
[LightGBM] [Warning] No further splits with positive gain, best gain: -inf
[LightGBM] [Warning] No further splits with positive gain, best gain: -inf
[LightGBM] [Warning] No further splits with positive gain, best gain: -inf
[LightGBM] [Warning] No further splits with positive gain, best gain: -inf
[LightGBM] [Warning] No further splits with positive gain, best gain: -inf
[LightGBM] [Warning] No further splits with positive gain, best gain: -inf
[LightGBM] [Warning] No further splits with positive gain, best gain: -inf
[LightGBM] [Warning] No further splits with positive gain, best gain: -inf
[LightGBM] [Warning] No further splits with positive gain, best gain: -inf
[LightGBM] [Warning] No further splits with positive gain, best gain: -inf
[LightGBM] [Warning] No further splits with positive gain, best gain: -inf
[LightGBM] [Warning] No further splits with positive gain, best gain: -inf
[LightGBM] [Warning] No further splits with positive gain, best gain: -inf
[LightGBM] [Warning] No further splits with positive gain, best gain: -inf
[LightGBM] [Warning] No further splits with positive gain, best gain: -inf
[LightGBM] [Warning] No further splits with positive gain, best gain: -inf
[LightGBM] [Warning] No further splits with positive gain, best gain: -inf
[LightGBM] [Warning] No further splits with positive gain, best gain: -inf
[LightGBM] [Warning] No further splits with positive gain, best gain: -inf
[LightGBM] [Warning] No further splits with positive gain, best gain: -inf
[LightGBM] [Warning] No further splits with positive gain, best gain: -inf
[LightGBM] [Warning] No further splits with positive gain, best gain: -inf
[LightGBM] [Warning] No further splits with positive gain, best gain: -inf
[LightGBM] [Warning] No further splits with positive gain, best gain: -inf
[LightGBM] [Warning] No further splits with positive gain, best gain: -inf
[LightGBM] [Warning] No further splits with positive gain, best gain: -inf
[LightGBM] [Warning] No further splits with positive gain, best gain: -inf
[LightGBM] [Warning] No further splits with positive gain, best gain: -inf
[LightGBM] [Warning] No further splits with positive gain, best gain: -inf
[LightGBM] [Warning] No further splits with positive gain, best gain: -inf
[LightGBM] [Warning] No further splits with positive gain, best gain: -inf
[LightGBM] [Warning] No further splits with positive gain, best gain: -inf
[LightGBM] [Warning] No further splits with positive gain, best gain: -inf
[LightGBM] [Warning] No further splits with positive gain, best gain: -inf
[LightGBM] [Warning] No further splits with positive gain, best gain: -inf
[LightGBM] [Warning] No further splits with positive gain, best gain: -inf
[LightGBM] [Warning] No further splits with positive gain, best gain: -inf
[LightGBM] [Warning] No further splits with positive gain, best gain: -inf
[LightGBM] [Warning] No further splits with positive gain, best gain: -inf
[LightGBM] [Warning] No further splits with positive gain, best gain: -inf
[LightGBM] [Warning] No further splits with positive gain, best gain: -inf
[LightGBM] [Warning] No further splits with positive gain, best gain: -inf
[LightGBM] [Warning] No further splits with positive gain, best gain: -inf
[LightGBM] [Warning] No further splits with positive gain, best gain: -inf
[LightGBM] [Warning] No further splits with positive gain, best gain: -inf
[LightGBM] [Warning] No further splits with positive gain, best gain: -inf
[LightGBM] [Warning] No further splits with positive gain, best gain: -inf
[LightGBM] [Warning] No further splits with positive gain, best gain: -inf
[LightGBM] [Warning] No further splits with positive gain, best gain: -inf
[LightGBM] [Warning] No further splits with positive gain, best gain: -inf
[LightGBM] [Warning] No further splits with positive gain, best gain: -inf
[LightGBM] [Warning] No further splits with positive gain, best gain: -inf
[LightGBM] [Warning] No further splits with positive gain, best gain: -inf
[LightGBM] [Warning] No further splits with positive gain, best gain: -inf
[LightGBM] [Warning] No further splits with positive gain, best gain: -inf
[LightGBM] [Warning] No further splits with positive gain, best gain: -inf
[LightGBM] [Warning] No further splits with positive gain, best gain: -inf
[LightGBM] [Warning] No further splits with positive gain, best gain: -inf
[LightGBM] [Warning] No further splits with positive gain, best gain: -inf
[LightGBM] [Warning] No further splits with positive gain, best gain: -inf
[LightGBM] [Warning] No further splits with positive gain, best gain: -inf
[LightGBM] [Warning] No further splits with positive gain, best gain: -inf
[LightGBM] [Warning] No further splits with positive gain, best gain: -inf
[LightGBM] [Warning] No further splits with positive gain, best gain: -inf
[LightGBM] [Warning] No further splits with positive gain, best gain: -inf
[LightGBM] [Warning] No further splits with positive gain, best gain: -inf
[LightGBM] [Warning] No further splits with positive gain, best gain: -inf
[LightGBM] [Warning] No further splits with positive gain, best gain: -inf
[LightGBM] [Warning] No further splits with positive gain, best gain: -inf
[LightGBM] [Warning] No further splits with positive gain, best gain: -inf
[LightGBM] [Warning] No further splits with positive gain, best gain: -inf
[LightGBM] [Warning] No further splits with positive gain, best gain: -inf
[LightGBM] [Warning] No further splits with positive gain, best gain: -inf
[LightGBM] [Warning] No further splits with positive gain, best gain: -inf
[LightGBM] [Warning] No further splits with positive gain, best gain: -inf
[LightGBM] [Warning] No further splits with positive gain, best gain: -inf
[LightGBM] [Warning] No further splits with positive gain, best gain: -inf
[LightGBM] [Warning] No further splits with positive gain, best gain: -inf
[LightGBM] [Warning] No further splits with positive gain, best gain: -inf
[LightGBM] [Warning] No further splits with positive gain, best gain: -inf
[LightGBM] [Warning] No further splits with positive gain, best gain: -inf
[LightGBM] [Warning] No further splits with positive gain, best gain: -inf
[LightGBM] [Warning] No further splits with positive gain, best gain: -inf
[LightGBM] [Warning] No further splits with positive gain, best gain: -inf
[LightGBM] [Warning] No further splits with positive gain, best gain: -inf
