2026-04-24T03:07:54Z ERROR: venv not found: /home/ubuntu/tide-data-pipeline/tide-api/venv
2026-04-24T03:09:19Z ERROR: venv not found: /home/ubuntu/tide-data-pipeline/tide-api/venv
2026-04-24T03:09:48Z ERROR: venv not found: /home/ubuntu/tide-data-pipeline/tide-api/venv
2026-04-24T03:10:28Z === daily_release_sync start ===
2026-04-24T03:10:28Z Running sqlite_handler.py (Snowflake → SQLite marketshare / metrics tables)...
2026-04-24T03:10:30Z Running backfill_releases() (Snowflake query_release_backfill.sql → new EXPECTED_RELEASES rows)...
ERROR Importing plotly failed. Interactive plots will not work.
INFO Snowflake Connector for Python Version: 4.4.0, Python Version: 3.12.3, Platform: Linux-6.17.0-1007-aws-x86_64-with-glibc2.39
INFO Connecting to GLOBAL Snowflake domain
INFO Found credentials from IAM Role: EC2-S3-Worker-Role
INFO Snowflake Connector for Python Version: 4.4.0, Python Version: 3.12.3, Platform: Linux-6.17.0-1007-aws-x86_64-with-glibc2.39
INFO Connecting to GLOBAL Snowflake domain
INFO Snowflake Connector for Python Version: 4.4.0, Python Version: 3.12.3, Platform: Linux-6.17.0-1007-aws-x86_64-with-glibc2.39
INFO Connecting to GLOBAL Snowflake domain
INFO Snowflake Connector for Python Version: 4.4.0, Python Version: 3.12.3, Platform: Linux-6.17.0-1007-aws-x86_64-with-glibc2.39
INFO Connecting to GLOBAL Snowflake domain
INFO Snowflake Connector for Python Version: 4.4.0, Python Version: 3.12.3, Platform: Linux-6.17.0-1007-aws-x86_64-with-glibc2.39
INFO Connecting to GLOBAL Snowflake domain
INFO Snowflake Connector for Python Version: 4.4.0, Python Version: 3.12.3, Platform: Linux-6.17.0-1007-aws-x86_64-with-glibc2.39
INFO Connecting to GLOBAL Snowflake domain
INFO Snowflake Connector for Python Version: 4.4.0, Python Version: 3.12.3, Platform: Linux-6.17.0-1007-aws-x86_64-with-glibc2.39
INFO Connecting to GLOBAL Snowflake domain
INFO Snowflake Connector for Python Version: 4.4.0, Python Version: 3.12.3, Platform: Linux-6.17.0-1007-aws-x86_64-with-glibc2.39
INFO Connecting to GLOBAL Snowflake domain
INFO Snowflake Connector for Python Version: 4.4.0, Python Version: 3.12.3, Platform: Linux-6.17.0-1007-aws-x86_64-with-glibc2.39
INFO Connecting to GLOBAL Snowflake domain
INFO Snowflake Connector for Python Version: 4.4.0, Python Version: 3.12.3, Platform: Linux-6.17.0-1007-aws-x86_64-with-glibc2.39
INFO Connecting to GLOBAL Snowflake domain
INFO Snowflake Connector for Python Version: 4.4.0, Python Version: 3.12.3, Platform: Linux-6.17.0-1007-aws-x86_64-with-glibc2.39
INFO Connecting to GLOBAL Snowflake domain
INFO Snowflake Connector for Python Version: 4.4.0, Python Version: 3.12.3, Platform: Linux-6.17.0-1007-aws-x86_64-with-glibc2.39
INFO Connecting to GLOBAL Snowflake domain
INFO Snowflake Connector for Python Version: 4.4.0, Python Version: 3.12.3, Platform: Linux-6.17.0-1007-aws-x86_64-with-glibc2.39
INFO Connecting to GLOBAL Snowflake domain
INFO Snowflake Connector for Python Version: 4.4.0, Python Version: 3.12.3, Platform: Linux-6.17.0-1007-aws-x86_64-with-glibc2.39
INFO Connecting to GLOBAL Snowflake domain
INFO Snowflake Connector for Python Version: 4.4.0, Python Version: 3.12.3, Platform: Linux-6.17.0-1007-aws-x86_64-with-glibc2.39
INFO Connecting to GLOBAL Snowflake domain
INFO Snowflake Connector for Python Version: 4.4.0, Python Version: 3.12.3, Platform: Linux-6.17.0-1007-aws-x86_64-with-glibc2.39
INFO Connecting to GLOBAL Snowflake domain
INFO Snowflake Connector for Python Version: 4.4.0, Python Version: 3.12.3, Platform: Linux-6.17.0-1007-aws-x86_64-with-glibc2.39
INFO Connecting to GLOBAL Snowflake domain
INFO Snowflake Connector for Python Version: 4.4.0, Python Version: 3.12.3, Platform: Linux-6.17.0-1007-aws-x86_64-with-glibc2.39
INFO Connecting to GLOBAL Snowflake domain
INFO Snowflake Connector for Python Version: 4.4.0, Python Version: 3.12.3, Platform: Linux-6.17.0-1007-aws-x86_64-with-glibc2.39
INFO Connecting to GLOBAL Snowflake domain
INFO Snowflake Connector for Python Version: 4.4.0, Python Version: 3.12.3, Platform: Linux-6.17.0-1007-aws-x86_64-with-glibc2.39
INFO Connecting to GLOBAL Snowflake domain
INFO Snowflake Connector for Python Version: 4.4.0, Python Version: 3.12.3, Platform: Linux-6.17.0-1007-aws-x86_64-with-glibc2.39
INFO Connecting to GLOBAL Snowflake domain
INFO Snowflake Connector for Python Version: 4.4.0, Python Version: 3.12.3, Platform: Linux-6.17.0-1007-aws-x86_64-with-glibc2.39
INFO Connecting to GLOBAL Snowflake domain
INFO Snowflake Connector for Python Version: 4.4.0, Python Version: 3.12.3, Platform: Linux-6.17.0-1007-aws-x86_64-with-glibc2.39
INFO Connecting to GLOBAL Snowflake domain
Traceback (most recent call last):
  File "/home/ubuntu/venv/lib/python3.12/site-packages/snowflake/connector/vendored/urllib3/contrib/pyopenssl.py", line 326, in recv_into
    return self.connection.recv_into(*args, **kwargs)  # type: ignore[no-any-return]
           ^^^^^^^^^^^^^^^^^^^^^^^^^^^^^^^^^^^^^^^^^^
  File "/home/ubuntu/venv/lib/python3.12/site-packages/OpenSSL/SSL.py", line 2366, in recv_into
    self._raise_ssl_error(self._ssl, result)
  File "/home/ubuntu/venv/lib/python3.12/site-packages/OpenSSL/SSL.py", line 2044, in _raise_ssl_error
    raise WantReadError()
OpenSSL.SSL.WantReadError

During handling of the above exception, another exception occurred:

Traceback (most recent call last):
  File "<stdin>", line 4, in <module>
  File "/home/ubuntu/tide-data-pipeline/tide-api/model_handler.py", line 345, in backfill_releases
    update_sqlite_main()
  File "/home/ubuntu/tide-data-pipeline/tide-api/sqlite_handler.py", line 103, in update_sqlite_main
    marketshare_release_metrics_data = sf.query(metrics_sql)
                                       ^^^^^^^^^^^^^^^^^^^^^
  File "/home/ubuntu/tide-data-pipeline/tide-api/snowflake_conn.py", line 49, in query
    cursor.execute(sql)
  File "/home/ubuntu/venv/lib/python3.12/site-packages/snowflake/connector/cursor.py", line 1033, in execute
    ret = self._execute_helper(query, **kwargs)
          ^^^^^^^^^^^^^^^^^^^^^^^^^^^^^^^^^^^^^
  File "/home/ubuntu/venv/lib/python3.12/site-packages/snowflake/connector/cursor.py", line 739, in _execute_helper
    ret = self._connection.cmd_query(
          ^^^^^^^^^^^^^^^^^^^^^^^^^^^
  File "/home/ubuntu/venv/lib/python3.12/site-packages/snowflake/connector/connection.py", line 1923, in cmd_query
    ret = self.rest.request(
          ^^^^^^^^^^^^^^^^^^
  File "/home/ubuntu/venv/lib/python3.12/site-packages/snowflake/connector/network.py", line 487, in request
    return self._post_request(
           ^^^^^^^^^^^^^^^^^^^
  File "/home/ubuntu/venv/lib/python3.12/site-packages/snowflake/connector/network.py", line 807, in _post_request
    ret = self._get_request(
          ^^^^^^^^^^^^^^^^^^
  File "/home/ubuntu/venv/lib/python3.12/site-packages/snowflake/connector/network.py", line 700, in _get_request
    ret = self.fetch(
          ^^^^^^^^^^^
  File "/home/ubuntu/venv/lib/python3.12/site-packages/snowflake/connector/network.py", line 873, in fetch
    ret = self._request_exec_wrapper(
          ^^^^^^^^^^^^^^^^^^^^^^^^^^^
  File "/home/ubuntu/venv/lib/python3.12/site-packages/snowflake/connector/network.py", line 924, in _request_exec_wrapper
    return_object = self._request_exec(
                    ^^^^^^^^^^^^^^^^^^^
  File "/home/ubuntu/venv/lib/python3.12/site-packages/snowflake/connector/network.py", line 1109, in _request_exec
    raw_ret = session.request(
              ^^^^^^^^^^^^^^^^
  File "/home/ubuntu/venv/lib/python3.12/site-packages/snowflake/connector/vendored/requests/sessions.py", line 589, in request
    resp = self.send(prep, **send_kwargs)
           ^^^^^^^^^^^^^^^^^^^^^^^^^^^^^^
  File "/home/ubuntu/venv/lib/python3.12/site-packages/snowflake/connector/vendored/requests/sessions.py", line 703, in send
    r = adapter.send(request, **kwargs)
        ^^^^^^^^^^^^^^^^^^^^^^^^^^^^^^^
  File "/home/ubuntu/venv/lib/python3.12/site-packages/snowflake/connector/vendored/requests/adapters.py", line 644, in send
    resp = conn.urlopen(
           ^^^^^^^^^^^^^
  File "/home/ubuntu/venv/lib/python3.12/site-packages/snowflake/connector/vendored/urllib3/connectionpool.py", line 787, in urlopen
    response = self._make_request(
               ^^^^^^^^^^^^^^^^^^^
  File "/home/ubuntu/venv/lib/python3.12/site-packages/snowflake/connector/vendored/urllib3/connectionpool.py", line 534, in _make_request
    response = conn.getresponse()
               ^^^^^^^^^^^^^^^^^^
  File "/home/ubuntu/venv/lib/python3.12/site-packages/snowflake/connector/vendored/urllib3/connection.py", line 580, in getresponse
    httplib_response = super().getresponse()
                       ^^^^^^^^^^^^^^^^^^^^^
  File "/usr/lib/python3.12/http/client.py", line 1448, in getresponse
    response.begin()
  File "/usr/lib/python3.12/http/client.py", line 336, in begin
    version, status, reason = self._read_status()
                              ^^^^^^^^^^^^^^^^^^^
  File "/usr/lib/python3.12/http/client.py", line 297, in _read_status
    line = str(self.fp.readline(_MAXLINE + 1), "iso-8859-1")
               ^^^^^^^^^^^^^^^^^^^^^^^^^^^^^^
  File "/usr/lib/python3.12/socket.py", line 707, in readinto
    return self._sock.recv_into(b)
           ^^^^^^^^^^^^^^^^^^^^^^^
  File "/home/ubuntu/venv/lib/python3.12/site-packages/snowflake/connector/vendored/urllib3/contrib/pyopenssl.py", line 338, in recv_into
    if not util.wait_for_read(self.socket, self.socket.gettimeout()):
           ^^^^^^^^^^^^^^^^^^^^^^^^^^^^^^^^^^^^^^^^^^^^^^^^^^^^^^^^^
  File "/home/ubuntu/venv/lib/python3.12/site-packages/snowflake/connector/vendored/urllib3/util/wait.py", line 117, in wait_for_read
    return wait_for_socket(sock, read=True, timeout=timeout)
           ^^^^^^^^^^^^^^^^^^^^^^^^^^^^^^^^^^^^^^^^^^^^^^^^^
  File "/home/ubuntu/venv/lib/python3.12/site-packages/snowflake/connector/vendored/urllib3/util/wait.py", line 79, in poll_wait_for_socket
    return bool(do_poll(timeout))
                ^^^^^^^^^^^^^^^^
  File "/home/ubuntu/venv/lib/python3.12/site-packages/snowflake/connector/vendored/urllib3/util/wait.py", line 77, in do_poll
    return poll_obj.poll(t)
           ^^^^^^^^^^^^^^^^
  File "/home/ubuntu/venv/lib/python3.12/site-packages/snowflake/connector/cursor.py", line 728, in interrupt_handler
    raise KeyboardInterrupt
KeyboardInterrupt
2026-04-24T03:24:19Z === daily_release_sync start ===
2026-04-24T03:24:19Z Running sqlite_handler.py (Snowflake → SQLite marketshare / metrics tables)...
2026-04-24T03:26:52Z Running backfill_releases() (Snowflake query_release_backfill.sql → new EXPECTED_RELEASES rows)...
ERROR Importing plotly failed. Interactive plots will not work.
INFO Snowflake Connector for Python Version: 4.4.0, Python Version: 3.12.3, Platform: Linux-6.17.0-1007-aws-x86_64-with-glibc2.39
INFO Connecting to GLOBAL Snowflake domain
INFO Found credentials from IAM Role: EC2-S3-Worker-Role
{
  "inserted": 0,
  "skipped": 21,
  "errors": []
}
2026-04-24T03:26:58Z Uploading refreshed artifacts to s3://parquetgarage/tide-api ...
2026-04-24T03:27:05Z === daily_release_sync complete ===
2026-04-24T03:52:34Z === daily_release_sync start ===
2026-04-24T03:52:34Z Running sqlite_handler.py (Snowflake → SQLite marketshare / metrics tables)...
2026-04-24T03:52:36Z Running backfill_releases() (Snowflake query_release_backfill.sql → new EXPECTED_RELEASES rows)...
ERROR Importing plotly failed. Interactive plots will not work.
INFO Snowflake Connector for Python Version: 4.4.0, Python Version: 3.12.3, Platform: Linux-6.17.0-1007-aws-x86_64-with-glibc2.39
INFO Connecting to GLOBAL Snowflake domain
INFO Found credentials from IAM Role: EC2-S3-Worker-Role
INFO Snowflake Connector for Python Version: 4.4.0, Python Version: 3.12.3, Platform: Linux-6.17.0-1007-aws-x86_64-with-glibc2.39
INFO Connecting to GLOBAL Snowflake domain
INFO Snowflake Connector for Python Version: 4.4.0, Python Version: 3.12.3, Platform: Linux-6.17.0-1007-aws-x86_64-with-glibc2.39
INFO Connecting to GLOBAL Snowflake domain
INFO Snowflake Connector for Python Version: 4.4.0, Python Version: 3.12.3, Platform: Linux-6.17.0-1007-aws-x86_64-with-glibc2.39
INFO Connecting to GLOBAL Snowflake domain
INFO Snowflake Connector for Python Version: 4.4.0, Python Version: 3.12.3, Platform: Linux-6.17.0-1007-aws-x86_64-with-glibc2.39
INFO Connecting to GLOBAL Snowflake domain
INFO Snowflake Connector for Python Version: 4.4.0, Python Version: 3.12.3, Platform: Linux-6.17.0-1007-aws-x86_64-with-glibc2.39
INFO Connecting to GLOBAL Snowflake domain
INFO Snowflake Connector for Python Version: 4.4.0, Python Version: 3.12.3, Platform: Linux-6.17.0-1007-aws-x86_64-with-glibc2.39
INFO Connecting to GLOBAL Snowflake domain
INFO Snowflake Connector for Python Version: 4.4.0, Python Version: 3.12.3, Platform: Linux-6.17.0-1007-aws-x86_64-with-glibc2.39
INFO Connecting to GLOBAL Snowflake domain
INFO Snowflake Connector for Python Version: 4.4.0, Python Version: 3.12.3, Platform: Linux-6.17.0-1007-aws-x86_64-with-glibc2.39
INFO Connecting to GLOBAL Snowflake domain
INFO Snowflake Connector for Python Version: 4.4.0, Python Version: 3.12.3, Platform: Linux-6.17.0-1007-aws-x86_64-with-glibc2.39
INFO Connecting to GLOBAL Snowflake domain
INFO Snowflake Connector for Python Version: 4.4.0, Python Version: 3.12.3, Platform: Linux-6.17.0-1007-aws-x86_64-with-glibc2.39
INFO Connecting to GLOBAL Snowflake domain
INFO Snowflake Connector for Python Version: 4.4.0, Python Version: 3.12.3, Platform: Linux-6.17.0-1007-aws-x86_64-with-glibc2.39
INFO Connecting to GLOBAL Snowflake domain
INFO Snowflake Connector for Python Version: 4.4.0, Python Version: 3.12.3, Platform: Linux-6.17.0-1007-aws-x86_64-with-glibc2.39
INFO Connecting to GLOBAL Snowflake domain
INFO Snowflake Connector for Python Version: 4.4.0, Python Version: 3.12.3, Platform: Linux-6.17.0-1007-aws-x86_64-with-glibc2.39
INFO Connecting to GLOBAL Snowflake domain
INFO Snowflake Connector for Python Version: 4.4.0, Python Version: 3.12.3, Platform: Linux-6.17.0-1007-aws-x86_64-with-glibc2.39
INFO Connecting to GLOBAL Snowflake domain
INFO Snowflake Connector for Python Version: 4.4.0, Python Version: 3.12.3, Platform: Linux-6.17.0-1007-aws-x86_64-with-glibc2.39
INFO Connecting to GLOBAL Snowflake domain
INFO Snowflake Connector for Python Version: 4.4.0, Python Version: 3.12.3, Platform: Linux-6.17.0-1007-aws-x86_64-with-glibc2.39
INFO Connecting to GLOBAL Snowflake domain
INFO Snowflake Connector for Python Version: 4.4.0, Python Version: 3.12.3, Platform: Linux-6.17.0-1007-aws-x86_64-with-glibc2.39
INFO Connecting to GLOBAL Snowflake domain
INFO Snowflake Connector for Python Version: 4.4.0, Python Version: 3.12.3, Platform: Linux-6.17.0-1007-aws-x86_64-with-glibc2.39
INFO Connecting to GLOBAL Snowflake domain
INFO Snowflake Connector for Python Version: 4.4.0, Python Version: 3.12.3, Platform: Linux-6.17.0-1007-aws-x86_64-with-glibc2.39
INFO Connecting to GLOBAL Snowflake domain
INFO Snowflake Connector for Python Version: 4.4.0, Python Version: 3.12.3, Platform: Linux-6.17.0-1007-aws-x86_64-with-glibc2.39
INFO Connecting to GLOBAL Snowflake domain
INFO Snowflake Connector for Python Version: 4.4.0, Python Version: 3.12.3, Platform: Linux-6.17.0-1007-aws-x86_64-with-glibc2.39
INFO Connecting to GLOBAL Snowflake domain
INFO Snowflake Connector for Python Version: 4.4.0, Python Version: 3.12.3, Platform: Linux-6.17.0-1007-aws-x86_64-with-glibc2.39
INFO Connecting to GLOBAL Snowflake domain
{
  "inserted": 21,
  "skipped": 0,
  "errors": []
}
2026-04-24T03:53:13Z === daily_release_sync complete ===
2026-04-24T05:34:19Z === daily_release_sync start ===
2026-04-24T05:34:19Z Running sqlite_handler.py (Snowflake → SQLite marketshare / metrics tables)...
2026-04-24T05:34:30Z Running backfill_releases() (Snowflake query_release_backfill.sql → new EXPECTED_RELEASES rows)...
ERROR Importing plotly failed. Interactive plots will not work.
INFO Snowflake Connector for Python Version: 4.4.0, Python Version: 3.12.3, Platform: Linux-6.17.0-1007-aws-x86_64-with-glibc2.39
INFO Connecting to GLOBAL Snowflake domain
INFO Found credentials from IAM Role: EC2-S3-Worker-Role
{
  "inserted": 0,
  "skipped": 21,
  "errors": []
}
2026-04-24T05:34:37Z Uploading refreshed artifacts to s3://parquetgarage/tide-api ...
2026-04-24T05:34:44Z === daily_release_sync complete ===
2026-04-24T20:09:02Z === daily_release_sync start ===
2026-04-24T20:09:02Z Running sqlite_handler.py (Snowflake → SQLite marketshare / metrics tables)...
INFO sqlite_handler: starting refresh (db=/home/ubuntu/tide-data-pipeline/tide-api/marketshare_data.db)
INFO sqlite_handler: ensuring SQLite tables exist
INFO sqlite_handler: loaded 21 expected releases from SQLite
INFO sqlite_handler: querying Snowflake weekly/ytd marketshare tables
INFO Snowflake Connector for Python Version: 4.4.0, Python Version: 3.12.3, Platform: Linux-6.17.0-1007-aws-x86_64-with-glibc2.39
INFO Connecting to GLOBAL Snowflake domain
INFO Found credentials from IAM Role: EC2-S3-Worker-Role
INFO sqlite_handler: Snowflake rows weekly=720 ytd=720
INFO sqlite_handler: querying Snowflake release metrics for 21 releases in 5 batches (size=5)
INFO sqlite_handler: release metrics batch 1/5 (5 releases)
INFO sqlite_handler: release metrics batch 2/5 (5 releases)
INFO sqlite_handler: release metrics batch 3/5 (5 releases)
INFO sqlite_handler: release metrics batch 4/5 (5 releases)
INFO sqlite_handler: release metrics batch 5/5 (1 releases)
INFO sqlite_handler: Snowflake rows release_metrics=1062
INFO sqlite_handler: writing weekly/ytd/metrics rows into SQLite
INFO sqlite_handler: refresh complete
2026-04-24T20:12:39Z Running backfill_releases() (Snowflake query_release_backfill.sql → new EXPECTED_RELEASES rows)...
ERROR Importing plotly failed. Interactive plots will not work.
INFO Snowflake Connector for Python Version: 4.4.0, Python Version: 3.12.3, Platform: Linux-6.17.0-1007-aws-x86_64-with-glibc2.39
INFO Connecting to GLOBAL Snowflake domain
INFO Found credentials from IAM Role: EC2-S3-Worker-Role
Traceback (most recent call last):
  File "/home/ubuntu/venv/lib/python3.12/site-packages/snowflake/connector/vendored/urllib3/contrib/pyopenssl.py", line 326, in recv_into
    return self.connection.recv_into(*args, **kwargs)  # type: ignore[no-any-return]
           ^^^^^^^^^^^^^^^^^^^^^^^^^^^^^^^^^^^^^^^^^^
  File "/home/ubuntu/venv/lib/python3.12/site-packages/OpenSSL/SSL.py", line 2366, in recv_into
    self._raise_ssl_error(self._ssl, result)
  File "/home/ubuntu/venv/lib/python3.12/site-packages/OpenSSL/SSL.py", line 2044, in _raise_ssl_error
    raise WantReadError()
OpenSSL.SSL.WantReadError

During handling of the above exception, another exception occurred:

Traceback (most recent call last):
  File "<stdin>", line 4, in <module>
  File "/home/ubuntu/tide-data-pipeline/tide-api/model_handler.py", line 313, in backfill_releases
    df = sf.query(query)
         ^^^^^^^^^^^^^^^
  File "/home/ubuntu/tide-data-pipeline/tide-api/snowflake_conn.py", line 49, in query
    cursor.execute(sql)
  File "/home/ubuntu/venv/lib/python3.12/site-packages/snowflake/connector/cursor.py", line 1033, in execute
    ret = self._execute_helper(query, **kwargs)
          ^^^^^^^^^^^^^^^^^^^^^^^^^^^^^^^^^^^^^
  File "/home/ubuntu/venv/lib/python3.12/site-packages/snowflake/connector/cursor.py", line 739, in _execute_helper
    ret = self._connection.cmd_query(
          ^^^^^^^^^^^^^^^^^^^^^^^^^^^
  File "/home/ubuntu/venv/lib/python3.12/site-packages/snowflake/connector/connection.py", line 1923, in cmd_query
    ret = self.rest.request(
          ^^^^^^^^^^^^^^^^^^
  File "/home/ubuntu/venv/lib/python3.12/site-packages/snowflake/connector/network.py", line 487, in request
    return self._post_request(
           ^^^^^^^^^^^^^^^^^^^
  File "/home/ubuntu/venv/lib/python3.12/site-packages/snowflake/connector/network.py", line 807, in _post_request
    ret = self._get_request(
          ^^^^^^^^^^^^^^^^^^
  File "/home/ubuntu/venv/lib/python3.12/site-packages/snowflake/connector/network.py", line 700, in _get_request
    ret = self.fetch(
          ^^^^^^^^^^^
  File "/home/ubuntu/venv/lib/python3.12/site-packages/snowflake/connector/network.py", line 873, in fetch
    ret = self._request_exec_wrapper(
          ^^^^^^^^^^^^^^^^^^^^^^^^^^^
  File "/home/ubuntu/venv/lib/python3.12/site-packages/snowflake/connector/network.py", line 924, in _request_exec_wrapper
    return_object = self._request_exec(
                    ^^^^^^^^^^^^^^^^^^^
  File "/home/ubuntu/venv/lib/python3.12/site-packages/snowflake/connector/network.py", line 1109, in _request_exec
    raw_ret = session.request(
              ^^^^^^^^^^^^^^^^
  File "/home/ubuntu/venv/lib/python3.12/site-packages/snowflake/connector/vendored/requests/sessions.py", line 589, in request
    resp = self.send(prep, **send_kwargs)
           ^^^^^^^^^^^^^^^^^^^^^^^^^^^^^^
  File "/home/ubuntu/venv/lib/python3.12/site-packages/snowflake/connector/vendored/requests/sessions.py", line 703, in send
    r = adapter.send(request, **kwargs)
        ^^^^^^^^^^^^^^^^^^^^^^^^^^^^^^^
  File "/home/ubuntu/venv/lib/python3.12/site-packages/snowflake/connector/vendored/requests/adapters.py", line 644, in send
    resp = conn.urlopen(
           ^^^^^^^^^^^^^
  File "/home/ubuntu/venv/lib/python3.12/site-packages/snowflake/connector/vendored/urllib3/connectionpool.py", line 787, in urlopen
    response = self._make_request(
               ^^^^^^^^^^^^^^^^^^^
  File "/home/ubuntu/venv/lib/python3.12/site-packages/snowflake/connector/vendored/urllib3/connectionpool.py", line 534, in _make_request
    response = conn.getresponse()
               ^^^^^^^^^^^^^^^^^^
  File "/home/ubuntu/venv/lib/python3.12/site-packages/snowflake/connector/vendored/urllib3/connection.py", line 580, in getresponse
    httplib_response = super().getresponse()
                       ^^^^^^^^^^^^^^^^^^^^^
  File "/usr/lib/python3.12/http/client.py", line 1448, in getresponse
    response.begin()
  File "/usr/lib/python3.12/http/client.py", line 336, in begin
    version, status, reason = self._read_status()
                              ^^^^^^^^^^^^^^^^^^^
  File "/usr/lib/python3.12/http/client.py", line 297, in _read_status
    line = str(self.fp.readline(_MAXLINE + 1), "iso-8859-1")
               ^^^^^^^^^^^^^^^^^^^^^^^^^^^^^^
  File "/usr/lib/python3.12/socket.py", line 707, in readinto
    return self._sock.recv_into(b)
           ^^^^^^^^^^^^^^^^^^^^^^^
  File "/home/ubuntu/venv/lib/python3.12/site-packages/snowflake/connector/vendored/urllib3/contrib/pyopenssl.py", line 338, in recv_into
    if not util.wait_for_read(self.socket, self.socket.gettimeout()):
           ^^^^^^^^^^^^^^^^^^^^^^^^^^^^^^^^^^^^^^^^^^^^^^^^^^^^^^^^^
  File "/home/ubuntu/venv/lib/python3.12/site-packages/snowflake/connector/vendored/urllib3/util/wait.py", line 117, in wait_for_read
    return wait_for_socket(sock, read=True, timeout=timeout)
           ^^^^^^^^^^^^^^^^^^^^^^^^^^^^^^^^^^^^^^^^^^^^^^^^^
  File "/home/ubuntu/venv/lib/python3.12/site-packages/snowflake/connector/vendored/urllib3/util/wait.py", line 79, in poll_wait_for_socket
    return bool(do_poll(timeout))
                ^^^^^^^^^^^^^^^^
  File "/home/ubuntu/venv/lib/python3.12/site-packages/snowflake/connector/vendored/urllib3/util/wait.py", line 77, in do_poll
    return poll_obj.poll(t)
           ^^^^^^^^^^^^^^^^
  File "/home/ubuntu/venv/lib/python3.12/site-packages/snowflake/connector/cursor.py", line 728, in interrupt_handler
    raise KeyboardInterrupt
KeyboardInterrupt
2026-04-24T20:17:12Z ERROR: venv not found: /home/ubuntu/tide-data-pipeline/tide-api/venv
2026-04-24T20:17:22Z === daily_release_sync start ===
2026-04-24T20:17:22Z Running sqlite_handler.py (Snowflake → SQLite marketshare / metrics tables)...
INFO sqlite_handler: starting refresh (db=/home/ubuntu/tide-data-pipeline/tide-api/marketshare_data.db)
INFO sqlite_handler: ensuring SQLite tables exist
INFO sqlite_handler: loaded 21 expected releases from SQLite
INFO sqlite_handler: querying Snowflake weekly/ytd marketshare tables
INFO Snowflake Connector for Python Version: 4.4.0, Python Version: 3.12.3, Platform: Linux-6.17.0-1007-aws-x86_64-with-glibc2.39
INFO Connecting to GLOBAL Snowflake domain
INFO Found credentials from IAM Role: EC2-S3-Worker-Role
INFO sqlite_handler: Snowflake rows weekly=720 ytd=720
INFO sqlite_handler: querying Snowflake release metrics for 21 releases in 5 batches (size=5)
INFO sqlite_handler: release metrics batch 1/5 (5 releases)
INFO sqlite_handler: release metrics batch 2/5 (5 releases)
INFO sqlite_handler: release metrics batch 3/5 (5 releases)
INFO sqlite_handler: release metrics batch 4/5 (5 releases)
INFO sqlite_handler: release metrics batch 5/5 (1 releases)
INFO sqlite_handler: Snowflake rows release_metrics=1062
INFO sqlite_handler: writing weekly/ytd/metrics rows into SQLite
INFO sqlite_handler: refresh complete
2026-04-24T20:18:02Z Running backfill_releases() (Snowflake query_release_backfill.sql → new EXPECTED_RELEASES rows)...
ERROR Importing plotly failed. Interactive plots will not work.
INFO Snowflake Connector for Python Version: 4.4.0, Python Version: 3.12.3, Platform: Linux-6.17.0-1007-aws-x86_64-with-glibc2.39
INFO Connecting to GLOBAL Snowflake domain
INFO Found credentials from IAM Role: EC2-S3-Worker-Role
Traceback (most recent call last):
  File "/home/ubuntu/venv/lib/python3.12/site-packages/snowflake/connector/vendored/urllib3/contrib/pyopenssl.py", line 326, in recv_into
    return self.connection.recv_into(*args, **kwargs)  # type: ignore[no-any-return]
           ^^^^^^^^^^^^^^^^^^^^^^^^^^^^^^^^^^^^^^^^^^
  File "/home/ubuntu/venv/lib/python3.12/site-packages/OpenSSL/SSL.py", line 2366, in recv_into
    self._raise_ssl_error(self._ssl, result)
  File "/home/ubuntu/venv/lib/python3.12/site-packages/OpenSSL/SSL.py", line 2044, in _raise_ssl_error
    raise WantReadError()
OpenSSL.SSL.WantReadError

During handling of the above exception, another exception occurred:

Traceback (most recent call last):
  File "<stdin>", line 4, in <module>
  File "/home/ubuntu/tide-data-pipeline/tide-api/model_handler.py", line 313, in backfill_releases
    df = sf.query(query)
         ^^^^^^^^^^^^^^^
  File "/home/ubuntu/tide-data-pipeline/tide-api/snowflake_conn.py", line 49, in query
    cursor.execute(sql)
  File "/home/ubuntu/venv/lib/python3.12/site-packages/snowflake/connector/cursor.py", line 1033, in execute
    ret = self._execute_helper(query, **kwargs)
          ^^^^^^^^^^^^^^^^^^^^^^^^^^^^^^^^^^^^^
  File "/home/ubuntu/venv/lib/python3.12/site-packages/snowflake/connector/cursor.py", line 739, in _execute_helper
    ret = self._connection.cmd_query(
          ^^^^^^^^^^^^^^^^^^^^^^^^^^^
  File "/home/ubuntu/venv/lib/python3.12/site-packages/snowflake/connector/connection.py", line 1923, in cmd_query
    ret = self.rest.request(
          ^^^^^^^^^^^^^^^^^^
  File "/home/ubuntu/venv/lib/python3.12/site-packages/snowflake/connector/network.py", line 487, in request
    return self._post_request(
           ^^^^^^^^^^^^^^^^^^^
  File "/home/ubuntu/venv/lib/python3.12/site-packages/snowflake/connector/network.py", line 807, in _post_request
    ret = self._get_request(
          ^^^^^^^^^^^^^^^^^^
  File "/home/ubuntu/venv/lib/python3.12/site-packages/snowflake/connector/network.py", line 700, in _get_request
    ret = self.fetch(
          ^^^^^^^^^^^
  File "/home/ubuntu/venv/lib/python3.12/site-packages/snowflake/connector/network.py", line 873, in fetch
    ret = self._request_exec_wrapper(
          ^^^^^^^^^^^^^^^^^^^^^^^^^^^
  File "/home/ubuntu/venv/lib/python3.12/site-packages/snowflake/connector/network.py", line 924, in _request_exec_wrapper
    return_object = self._request_exec(
                    ^^^^^^^^^^^^^^^^^^^
  File "/home/ubuntu/venv/lib/python3.12/site-packages/snowflake/connector/network.py", line 1109, in _request_exec
    raw_ret = session.request(
              ^^^^^^^^^^^^^^^^
  File "/home/ubuntu/venv/lib/python3.12/site-packages/snowflake/connector/vendored/requests/sessions.py", line 589, in request
    resp = self.send(prep, **send_kwargs)
           ^^^^^^^^^^^^^^^^^^^^^^^^^^^^^^
  File "/home/ubuntu/venv/lib/python3.12/site-packages/snowflake/connector/vendored/requests/sessions.py", line 703, in send
    r = adapter.send(request, **kwargs)
        ^^^^^^^^^^^^^^^^^^^^^^^^^^^^^^^
  File "/home/ubuntu/venv/lib/python3.12/site-packages/snowflake/connector/vendored/requests/adapters.py", line 644, in send
    resp = conn.urlopen(
           ^^^^^^^^^^^^^
  File "/home/ubuntu/venv/lib/python3.12/site-packages/snowflake/connector/vendored/urllib3/connectionpool.py", line 787, in urlopen
    response = self._make_request(
               ^^^^^^^^^^^^^^^^^^^
  File "/home/ubuntu/venv/lib/python3.12/site-packages/snowflake/connector/vendored/urllib3/connectionpool.py", line 534, in _make_request
    response = conn.getresponse()
               ^^^^^^^^^^^^^^^^^^
  File "/home/ubuntu/venv/lib/python3.12/site-packages/snowflake/connector/vendored/urllib3/connection.py", line 580, in getresponse
    httplib_response = super().getresponse()
                       ^^^^^^^^^^^^^^^^^^^^^
  File "/usr/lib/python3.12/http/client.py", line 1448, in getresponse
    response.begin()
  File "/usr/lib/python3.12/http/client.py", line 336, in begin
    version, status, reason = self._read_status()
                              ^^^^^^^^^^^^^^^^^^^
  File "/usr/lib/python3.12/http/client.py", line 297, in _read_status
    line = str(self.fp.readline(_MAXLINE + 1), "iso-8859-1")
               ^^^^^^^^^^^^^^^^^^^^^^^^^^^^^^
  File "/usr/lib/python3.12/socket.py", line 707, in readinto
    return self._sock.recv_into(b)
           ^^^^^^^^^^^^^^^^^^^^^^^
  File "/home/ubuntu/venv/lib/python3.12/site-packages/snowflake/connector/vendored/urllib3/contrib/pyopenssl.py", line 338, in recv_into
    if not util.wait_for_read(self.socket, self.socket.gettimeout()):
           ^^^^^^^^^^^^^^^^^^^^^^^^^^^^^^^^^^^^^^^^^^^^^^^^^^^^^^^^^
  File "/home/ubuntu/venv/lib/python3.12/site-packages/snowflake/connector/vendored/urllib3/util/wait.py", line 117, in wait_for_read
    return wait_for_socket(sock, read=True, timeout=timeout)
           ^^^^^^^^^^^^^^^^^^^^^^^^^^^^^^^^^^^^^^^^^^^^^^^^^
  File "/home/ubuntu/venv/lib/python3.12/site-packages/snowflake/connector/vendored/urllib3/util/wait.py", line 79, in poll_wait_for_socket
    return bool(do_poll(timeout))
                ^^^^^^^^^^^^^^^^
  File "/home/ubuntu/venv/lib/python3.12/site-packages/snowflake/connector/vendored/urllib3/util/wait.py", line 77, in do_poll
    return poll_obj.poll(t)
           ^^^^^^^^^^^^^^^^
  File "/home/ubuntu/venv/lib/python3.12/site-packages/snowflake/connector/cursor.py", line 728, in interrupt_handler
    raise KeyboardInterrupt
KeyboardInterrupt
2026-04-24T20:24:47Z === daily_release_sync start ===
2026-04-24T20:24:47Z Running sqlite_handler.py (Snowflake → SQLite marketshare / metrics tables)...
INFO sqlite_handler: starting refresh (db=/home/ubuntu/tide-data-pipeline/tide-api/marketshare_data.db)
INFO sqlite_handler: ensuring SQLite tables exist
INFO sqlite_handler: loaded 21 expected releases from SQLite
INFO sqlite_handler: querying Snowflake weekly/ytd marketshare tables
INFO Snowflake Connector for Python Version: 4.4.0, Python Version: 3.12.3, Platform: Linux-6.17.0-1007-aws-x86_64-with-glibc2.39
INFO Connecting to GLOBAL Snowflake domain
INFO Found credentials from IAM Role: EC2-S3-Worker-Role
INFO sqlite_handler: Snowflake rows weekly=720 ytd=720
INFO sqlite_handler: querying Snowflake release metrics for 21 releases in 5 batches (size=5)
INFO sqlite_handler: release metrics batch 1/5 (5 releases)
INFO sqlite_handler: release metrics batch 2/5 (5 releases)
INFO sqlite_handler: release metrics batch 3/5 (5 releases)
INFO sqlite_handler: release metrics batch 4/5 (5 releases)
INFO sqlite_handler: release metrics batch 5/5 (1 releases)
INFO sqlite_handler: Snowflake rows release_metrics=1062
INFO sqlite_handler: writing weekly/ytd/metrics rows into SQLite
INFO sqlite_handler: refresh complete
2026-04-24T20:25:26Z Running backfill_releases() (Snowflake query_release_backfill.sql → new EXPECTED_RELEASES rows)...
ERROR Importing plotly failed. Interactive plots will not work.
INFO Snowflake Connector for Python Version: 4.4.0, Python Version: 3.12.3, Platform: Linux-6.17.0-1007-aws-x86_64-with-glibc2.39
INFO Connecting to GLOBAL Snowflake domain
INFO Found credentials from IAM Role: EC2-S3-Worker-Role
Traceback (most recent call last):
  File "/home/ubuntu/venv/lib/python3.12/site-packages/snowflake/connector/vendored/urllib3/contrib/pyopenssl.py", line 326, in recv_into
    return self.connection.recv_into(*args, **kwargs)  # type: ignore[no-any-return]
           ^^^^^^^^^^^^^^^^^^^^^^^^^^^^^^^^^^^^^^^^^^
  File "/home/ubuntu/venv/lib/python3.12/site-packages/OpenSSL/SSL.py", line 2366, in recv_into
    self._raise_ssl_error(self._ssl, result)
  File "/home/ubuntu/venv/lib/python3.12/site-packages/OpenSSL/SSL.py", line 2044, in _raise_ssl_error
    raise WantReadError()
OpenSSL.SSL.WantReadError

During handling of the above exception, another exception occurred:

Traceback (most recent call last):
  File "<stdin>", line 4, in <module>
  File "/home/ubuntu/tide-data-pipeline/tide-api/model_handler.py", line 313, in backfill_releases
    df = sf.query(query)
         ^^^^^^^^^^^^^^^
  File "/home/ubuntu/tide-data-pipeline/tide-api/snowflake_conn.py", line 49, in query
    cursor.execute(sql)
  File "/home/ubuntu/venv/lib/python3.12/site-packages/snowflake/connector/cursor.py", line 1033, in execute
    ret = self._execute_helper(query, **kwargs)
          ^^^^^^^^^^^^^^^^^^^^^^^^^^^^^^^^^^^^^
  File "/home/ubuntu/venv/lib/python3.12/site-packages/snowflake/connector/cursor.py", line 739, in _execute_helper
    ret = self._connection.cmd_query(
          ^^^^^^^^^^^^^^^^^^^^^^^^^^^
  File "/home/ubuntu/venv/lib/python3.12/site-packages/snowflake/connector/connection.py", line 1923, in cmd_query
    ret = self.rest.request(
          ^^^^^^^^^^^^^^^^^^
  File "/home/ubuntu/venv/lib/python3.12/site-packages/snowflake/connector/network.py", line 487, in request
    return self._post_request(
           ^^^^^^^^^^^^^^^^^^^
  File "/home/ubuntu/venv/lib/python3.12/site-packages/snowflake/connector/network.py", line 807, in _post_request
    ret = self._get_request(
          ^^^^^^^^^^^^^^^^^^
  File "/home/ubuntu/venv/lib/python3.12/site-packages/snowflake/connector/network.py", line 700, in _get_request
    ret = self.fetch(
          ^^^^^^^^^^^
  File "/home/ubuntu/venv/lib/python3.12/site-packages/snowflake/connector/network.py", line 873, in fetch
    ret = self._request_exec_wrapper(
          ^^^^^^^^^^^^^^^^^^^^^^^^^^^
  File "/home/ubuntu/venv/lib/python3.12/site-packages/snowflake/connector/network.py", line 924, in _request_exec_wrapper
    return_object = self._request_exec(
                    ^^^^^^^^^^^^^^^^^^^
  File "/home/ubuntu/venv/lib/python3.12/site-packages/snowflake/connector/network.py", line 1109, in _request_exec
    raw_ret = session.request(
              ^^^^^^^^^^^^^^^^
  File "/home/ubuntu/venv/lib/python3.12/site-packages/snowflake/connector/vendored/requests/sessions.py", line 589, in request
    resp = self.send(prep, **send_kwargs)
           ^^^^^^^^^^^^^^^^^^^^^^^^^^^^^^
  File "/home/ubuntu/venv/lib/python3.12/site-packages/snowflake/connector/vendored/requests/sessions.py", line 703, in send
    r = adapter.send(request, **kwargs)
        ^^^^^^^^^^^^^^^^^^^^^^^^^^^^^^^
  File "/home/ubuntu/venv/lib/python3.12/site-packages/snowflake/connector/vendored/requests/adapters.py", line 644, in send
    resp = conn.urlopen(
           ^^^^^^^^^^^^^
  File "/home/ubuntu/venv/lib/python3.12/site-packages/snowflake/connector/vendored/urllib3/connectionpool.py", line 787, in urlopen
    response = self._make_request(
               ^^^^^^^^^^^^^^^^^^^
  File "/home/ubuntu/venv/lib/python3.12/site-packages/snowflake/connector/vendored/urllib3/connectionpool.py", line 534, in _make_request
    response = conn.getresponse()
               ^^^^^^^^^^^^^^^^^^
  File "/home/ubuntu/venv/lib/python3.12/site-packages/snowflake/connector/vendored/urllib3/connection.py", line 580, in getresponse
    httplib_response = super().getresponse()
                       ^^^^^^^^^^^^^^^^^^^^^
  File "/usr/lib/python3.12/http/client.py", line 1448, in getresponse
    response.begin()
  File "/usr/lib/python3.12/http/client.py", line 336, in begin
    version, status, reason = self._read_status()
                              ^^^^^^^^^^^^^^^^^^^
  File "/usr/lib/python3.12/http/client.py", line 297, in _read_status
    line = str(self.fp.readline(_MAXLINE + 1), "iso-8859-1")
               ^^^^^^^^^^^^^^^^^^^^^^^^^^^^^^
  File "/usr/lib/python3.12/socket.py", line 707, in readinto
    return self._sock.recv_into(b)
           ^^^^^^^^^^^^^^^^^^^^^^^
  File "/home/ubuntu/venv/lib/python3.12/site-packages/snowflake/connector/vendored/urllib3/contrib/pyopenssl.py", line 338, in recv_into
    if not util.wait_for_read(self.socket, self.socket.gettimeout()):
           ^^^^^^^^^^^^^^^^^^^^^^^^^^^^^^^^^^^^^^^^^^^^^^^^^^^^^^^^^
  File "/home/ubuntu/venv/lib/python3.12/site-packages/snowflake/connector/vendored/urllib3/util/wait.py", line 117, in wait_for_read
    return wait_for_socket(sock, read=True, timeout=timeout)
           ^^^^^^^^^^^^^^^^^^^^^^^^^^^^^^^^^^^^^^^^^^^^^^^^^
  File "/home/ubuntu/venv/lib/python3.12/site-packages/snowflake/connector/vendored/urllib3/util/wait.py", line 79, in poll_wait_for_socket
    return bool(do_poll(timeout))
                ^^^^^^^^^^^^^^^^
  File "/home/ubuntu/venv/lib/python3.12/site-packages/snowflake/connector/vendored/urllib3/util/wait.py", line 77, in do_poll
    return poll_obj.poll(t)
           ^^^^^^^^^^^^^^^^
  File "/home/ubuntu/venv/lib/python3.12/site-packages/snowflake/connector/cursor.py", line 728, in interrupt_handler
    raise KeyboardInterrupt
KeyboardInterrupt
2026-04-24T20:34:36Z === daily_release_sync start ===
2026-04-24T20:34:36Z Running sqlite_handler.py (Snowflake → SQLite marketshare / metrics tables)...
INFO sqlite_handler: starting refresh (db=/home/ubuntu/tide-data-pipeline/tide-api/marketshare_data.db)
INFO sqlite_handler: ensuring SQLite tables exist
INFO sqlite_handler: loaded 21 expected releases from SQLite
INFO sqlite_handler: querying Snowflake weekly/ytd marketshare tables
INFO Snowflake Connector for Python Version: 4.4.0, Python Version: 3.12.3, Platform: Linux-6.17.0-1007-aws-x86_64-with-glibc2.39
INFO Connecting to GLOBAL Snowflake domain
INFO Found credentials from IAM Role: EC2-S3-Worker-Role
INFO sqlite_handler: Snowflake rows weekly=720 ytd=720
INFO sqlite_handler: querying Snowflake release metrics for 21 releases in 5 batches (size=5)
INFO sqlite_handler: release metrics batch 1/5 (5 releases)
INFO sqlite_handler: release metrics batch 2/5 (5 releases)
INFO sqlite_handler: release metrics batch 3/5 (5 releases)
INFO sqlite_handler: release metrics batch 4/5 (5 releases)
INFO sqlite_handler: release metrics batch 5/5 (1 releases)
INFO sqlite_handler: Snowflake rows release_metrics=1062
INFO sqlite_handler: writing weekly/ytd/metrics rows into SQLite
INFO sqlite_handler: refresh complete
2026-04-24T20:35:12Z Running backfill_releases() (incremental: albums in last TIDE_BACKFILL_LOOKBACK_DAYS days only)...
ERROR Importing plotly failed. Interactive plots will not work.
INFO backfill_releases: incremental — querying albums released in last 90 days (TIDE_BACKFILL_FULL=1 for full scan)
INFO backfill_releases: running Snowflake query_release_backfill...
INFO Snowflake Connector for Python Version: 4.4.0, Python Version: 3.12.3, Platform: Linux-6.17.0-1007-aws-x86_64-with-glibc2.39
INFO Connecting to GLOBAL Snowflake domain
INFO Found credentials from IAM Role: EC2-S3-Worker-Role
INFO backfill_releases: Snowflake returned 6 candidate rows
INFO backfill_releases: 0 new / 6 already in SQLite
{
  "inserted": 0,
  "skipped": 6,
  "errors": []
}
2026-04-24T20:38:58Z Uploading refreshed artifacts to s3://parquetgarage/tide-api ...
2026-04-24T20:39:01Z === daily_release_sync complete ===
2026-04-24T21:08:00Z === daily_release_sync start ===
2026-04-24T21:08:00Z S3_DOWNLOAD=1: syncing from s3://parquetgarage into repo (model/* + marketshare_data.db)...
2026-04-24T21:08:11Z S3_DOWNLOAD: finished (restart uvicorn so the API reloads forecast artifacts from disk).
2026-04-24T21:08:11Z Running sqlite_handler.py (Snowflake → SQLite marketshare / metrics tables)...
INFO sqlite_handler: starting refresh (db=/home/ubuntu/tide-data-pipeline/tide-api/marketshare_data.db)
INFO sqlite_handler: ensuring SQLite tables exist
INFO sqlite_handler: loaded 0 expected releases from SQLite
INFO sqlite_handler: querying Snowflake weekly/ytd marketshare tables
INFO Snowflake Connector for Python Version: 4.4.0, Python Version: 3.12.3, Platform: Linux-6.17.0-1007-aws-x86_64-with-glibc2.39
INFO Connecting to GLOBAL Snowflake domain
INFO Found credentials from IAM Role: EC2-S3-Worker-Role
INFO sqlite_handler: Snowflake rows weekly=720 ytd=720
INFO sqlite_handler: writing weekly/ytd/metrics rows into SQLite
INFO sqlite_handler: refresh complete
2026-04-24T21:08:14Z Running backfill_releases() (incremental: albums in last TIDE_BACKFILL_LOOKBACK_DAYS days only)...
ERROR Importing plotly failed. Interactive plots will not work.
INFO backfill_releases: full Snowflake scan (EXPECTED_RELEASES is empty)
INFO backfill_releases: running Snowflake query_release_backfill...
INFO Snowflake Connector for Python Version: 4.4.0, Python Version: 3.12.3, Platform: Linux-6.17.0-1007-aws-x86_64-with-glibc2.39
INFO Connecting to GLOBAL Snowflake domain
INFO Found credentials from IAM Role: EC2-S3-Worker-Role
INFO backfill_releases: Snowflake returned 21 candidate rows
INFO backfill_releases: 21 new / 0 already in SQLite
INFO backfill_releases: inserting mrelg_id=MRELG04B44115A0DF430BBC7499B8761AC2E2 label=Interscope/Geffen/A&M
INFO backfill_releases: inserting mrelg_id=MRELG2FFE90E5A7D5404CA491FAD2868DD994 label=Interscope/Geffen/A&M
INFO backfill_releases: inserting mrelg_id=MRELG3173E78112654983A714340146E42FA5 label=Interscope/Geffen/A&M
INFO backfill_releases: inserting mrelg_id=MRELG47E9451ABD1B4F74A283859FCD806460 label=Interscope/Geffen/A&M
INFO backfill_releases: inserting mrelg_id=MRELG69901D836CC04C1E80E038DDAA5B7DA6 label=Atlantic Music Group
INFO backfill_releases: inserting mrelg_id=MRELG6D644676E9B445BC91310B140FF7814E label=Atlantic Music Group
INFO backfill_releases: inserting mrelg_id=MRELG7031113BFDD7407C94B14039B08A0B94 label=Atlantic Music Group
INFO backfill_releases: inserting mrelg_id=MRELG7B0576B8D3D6449A90086C739E1CE3E7 label=Interscope/Geffen/A&M
INFO backfill_releases: inserting mrelg_id=MRELG7E8028BDF00F41A6BBABD61D82ECC9CC label=Atlantic Music Group
INFO backfill_releases: inserting mrelg_id=MRELG82BCF5DBCD644CD5925D0663B01693F1 label=Interscope/Geffen/A&M
INFO backfill_releases: inserting mrelg_id=MRELG8E0CE3AFB5814D53B59587D5A36848FF label=Interscope/Geffen/A&M
INFO backfill_releases: inserting mrelg_id=MRELG9047048812C6428CAF347421F7AA09EF label=Atlantic Music Group
INFO backfill_releases: inserting mrelg_id=MRELG923CC1F36A644C10956974B61B561875 label=Interscope/Geffen/A&M
INFO backfill_releases: inserting mrelg_id=MRELGCD28063E57304B1CAD8E29A88E7F0A4E label=Atlantic Music Group
INFO backfill_releases: inserting mrelg_id=MRELGD4C585309B5740FBA65911328AF59213 label=Atlantic Music Group
INFO backfill_releases: inserting mrelg_id=MRELGD8D9D458CA81421990949FC8573FFA8E label=Interscope/Geffen/A&M
INFO backfill_releases: inserting mrelg_id=MRELGE44DE841A8D743AD94011F9E919FDC6F label=Atlantic Music Group
INFO backfill_releases: inserting mrelg_id=MRELGEAE1681A2A054D01A628B65A6BE5CFA3 label=Interscope/Geffen/A&M
INFO backfill_releases: inserting mrelg_id=MRELGEFE1D7501738421B9A214B7EDFD2B598 label=Interscope/Geffen/A&M
INFO backfill_releases: inserting mrelg_id=MRELGF356DC90E3C64DEAA907374E04271F03 label=Atlantic Music Group
INFO backfill_releases: inserting mrelg_id=MRELGFD6234A4D9AA478A922C9A44A8D08DF7 label=Atlantic Music Group
INFO backfill_releases: skipping update_sqlite_main (run_sqlite_refresh=False); metrics for 21 new release(s) picked up on next sqlite_handler run
{
  "inserted": 21,
  "skipped": 0,
  "errors": []
}
2026-04-24T21:17:55Z === daily_release_sync complete ===
2026-04-25T02:00:01Z ERROR: venv not found: /home/ubuntu/tide-data-pipeline/tide-api/venv
2026-04-26T02:00:01Z ERROR: venv not found: /home/ubuntu/tide-data-pipeline/tide-api/venv
